(u"We stayed with Frizelle in her wonderful apartment.\xa0 Thanks Sarah, we had a fabulous time!\n\xa0We\\'re in Minnesota now, staying with James Payne at the Franconia Sculpture park.", [(0, 0, u'http://blip.tv/file/get/Commoncourtesy-Toronto185.mov')])
