(u"Q: What did the snail say while riding on the turtle's back?\nA: Whee!", [(16, 21, u'http://en.wikipedia.org/wiki/Snail'), (46, 52, u'http://en.wikipedia.org/wiki/Turtle')])
