(u'In the first (of many) Jaqbacks, Stuart Langridge and Jono Bacon look at your emails and what\u2019s going on in the Shot of Jaq community! The Jaqback shots appear outside the regular show schedule, so you won\u2019t ever miss a show: email us your th', [])